#-----------------------------------------------------------
# Vivado v2024.1 (64-bit)
# SW Build 5076996 on Wed May 22 18:37:14 MDT 2024
# IP Build 5075265 on Wed May 22 21:45:21 MDT 2024
# SharedData Build 5076995 on Wed May 22 18:29:18 MDT 2024
# Start of session at: Sat Feb 14 12:56:30 2026
# Process ID: 5876
# Current directory: C:/Users/student/Desktop/HackArm/cnn_accl/cnn_accl/hls/impl/ip
# Command line: vivado.exe -notrace -mode batch -source run_ippack.tcl
# Log file: C:/Users/student/Desktop/HackArm/cnn_accl/cnn_accl/hls/impl/ip/vivado.log
# Journal file: C:/Users/student/Desktop/HackArm/cnn_accl/cnn_accl/hls/impl/ip\vivado.jou
# Running On        :VLSI-25
# Platform          :Windows Server 2016 or Windows 10
# Operating System  :19045
# Processor Detail  :Intel(R) Core(TM) i5-4590S CPU @ 3.00GHz
# CPU Frequency     :2993 MHz
# CPU Physical cores:4
# CPU Logical cores :4
# Host memory       :8512 MB
# Swap memory       :1919 MB
# Total Virtual     :10431 MB
# Available Virtual :1529 MB
#-----------------------------------------------------------
source run_ippack.tcl -notrace
