#-----------------------------------------------------------
# Vivado v2024.1 (64-bit)
# SW Build 5076996 on Wed May 22 18:37:14 MDT 2024
# IP Build 5075265 on Wed May 22 21:45:21 MDT 2024
# SharedData Build 5076995 on Wed May 22 18:29:18 MDT 2024
# Start of session at: Sat Feb 14 13:33:27 2026
# Process ID: 9552
# Current directory: C:/Users/student/Desktop/HackArm/zynq_cnn_hw/zynq_cnn_hw.runs/design_1_axi_smc_0_synth_1
# Command line: vivado.exe -log design_1_axi_smc_0.vds -product Vivado -mode batch -messageDb vivado.pb -notrace -source design_1_axi_smc_0.tcl
# Log file: C:/Users/student/Desktop/HackArm/zynq_cnn_hw/zynq_cnn_hw.runs/design_1_axi_smc_0_synth_1/design_1_axi_smc_0.vds
# Journal file: C:/Users/student/Desktop/HackArm/zynq_cnn_hw/zynq_cnn_hw.runs/design_1_axi_smc_0_synth_1\vivado.jou
# Running On        :VLSI-25
# Platform          :Windows Server 2016 or Windows 10
# Operating System  :19045
# Processor Detail  :Intel(R) Core(TM) i5-4590S CPU @ 3.00GHz
# CPU Frequency     :2993 MHz
# CPU Physical cores:4
# CPU Logical cores :4
# Host memory       :8512 MB
# Swap memory       :8383 MB
# Total Virtual     :16895 MB
# Available Virtual :4988 MB
#-----------------------------------------------------------
source design_1_axi_smc_0.tcl -notrace
